I'm sorry, but errors were detected in your script. Please correct the
errors listed below, and try again.


File "game/labels/prologue/prologue.rpy", line 26: expected statement.
    christaul
             ^

Ren'Py Version: Ren'Py 8.2.1.24030407
Wed May 15 11:27:08 2024
